#ProgramID | Sound patch | Base volume | Octaves
D	block.note_block.harp		100%	0-1	2-3	4-5	6-7	8-9	10	#Default mapping
0	block.note_block.harp		100%	0-1	2-3	4-5	6-7	8-9	10	#Acoustic Grand Piano
1	block.note_block.pling		 20%	0-1	2-3	4-5	6-7	8-9	10	#Bright Acoustic Piano
2	block.note_block.pling		 20%	0-1	2-3	4-5	6-7	8-9	10	#Electric Grand Piano
3	block.note_block.pling		 20%	0-1	2-3	4-5	6-7	8-9	10	#Honky-tonk Piano
4	block.note_block.harp		100%	0-1	2-3	4-5	6-7	8-9	10	#Electric Piano 1
5	block.note_block.harp		100%	0-1	2-3	4-5	6-7	8-9	10	#Electric Piano 2
6	block.note_block.pling		 20%	0-1	2-3	4-5	6-7	8-9	10	#Harpsichord
7	block.note_block.pling		 20%	0-1	2-3	4-5	6-7	8-9	10	#Clavi
8	entity.blaze.hurt		 10%	0-1	2-3	4-5	6-7	8-9	10	#Celesta
9	entity.experience_orb.touch	 20%	0-1	2-3	4-5	6-7	8-9	10	#Glockenspiel
10	entity.experience_orb.touch	 20%	0-1	2-3	4-5	6-7	8-9	10	#Music Box
11	entity.experience_orb.touch	 20%	0-1	2-3	4-5	6-7	8-9	10	#Vibraphone
12	entity.experience_orb.touch	 20%	0-1	2-3	4-5	6-7	8-9	10	#Marimba
13	block.note_block.pling		 20%	0-1	2-3	4-5	6-7	8-9	10	#Xylophone
14	block.anvil.place 		 10%	0-1	2-3	4-5	6-7	8-9	10	#Tubular Bells
15	block.note_block.pling		 20%	0-1	2-3	4-5	6-7	8-9	10	#Dulcimer
16	block.note_block.pling		 20%	0-1	2-3	4-5	6-7	8-9	10	#Drawbar Organ
17	entity.experience_orb.touch	 20%	0-1	2-3	4-5	6-7	8-9	10	#Percussive Organ
18	block.note_block.pling		 20%	0-1	2-3	4-5	6-7	8-9	10	#Rock Organ
19	block.note_block.pling		 20%	0-1	2-3	4-5	6-7	8-9	10	#Church Organ
20	entity.ghast.warn		  5%	0-1	2-3	4-5	6-7	8-9	10	#Reed Organ
21	entity.ghast.warn		  5%	0-1	2-3	4-5	6-7	8-9	10	#Accordion
22	block.note_block.pling		 20%	0-1	2-3	4-5	6-7	8-9	10	#Harmonica
23	block.note_block.pling		 20%	0-1	2-3	4-5	6-7	8-9	10	#Tango Accordion
24	block.note_block.pling		 20%	0-1	2-3	4-5	6-7	8-9	10	#Acoustic Guitar (nylon)
25	block.note_block.pling		 20%	0-1	2-3	4-5	6-7	8-9	10	#Acoustic Guitar (steel)
26	block.note_block.harp		100%	0-1	2-3	4-5	6-7	8-9	10	#Electric Guitar (jazz)
27	block.note_block.harp		100%	0-1	2-3	4-5	6-7	8-9	10	#Electric Guitar (clean)
28	block.note_block.snare		100%	0-1	2-3	4-5	6-7	8-9	10	#Electric Guitar (muted)
29	block.note_block.pling		 20%	0-1	2-3	4-5	6-7	8-9	10	#Overdriven Guitar
30	block.note_block.pling		 20%	0-1	2-3	4-5	6-7	8-9	10	#Distortion Guitar
31	block.note_block.pling		 20%	0-1	2-3	4-5	6-7	8-9	10	#Guitar harmonics
32	block.note_block.bass		100%	0-1	2-3	4-5	6-7	8-9	10	#Acoustic Bass
33	block.note_block.pling		 20%	0-1	2-3	4-5	6-7	8-9	10	#Electric Bass (finger)
34	block.note_block.pling		 20%	0-1	2-3	4-5	6-7	8-9	10	#Electric Bass (pick)
35	block.note_block.bass		100%	0-1	2-3	4-5	6-7	8-9	10	#Fretless Bass
36	block.note_block.pling		 20%	0-1	2-3	4-5	6-7	8-9	10	#Slap Bass 1
37	block.note_block.pling		 20%	0-1	2-3	4-5	6-7	8-9	10	#Slap Bass 2
38	block.note_block.bass		100%	0-1	2-3	4-5	6-7	8-9	10	#Synth Bass 1
39	block.note_block.bass		100%	0-1	2-3	4-5	6-7	8-9	10	#Synth Bass 2
40	block.note_block.pling		 20%	0-1	2-3	4-5	6-7	8-9	10	#Violin
41	block.note_block.pling		 20%	0-1	2-3	4-5	6-7	8-9	10	#Viola
42	block.note_block.pling		 20%	0-1	2-3	4-5	6-7	8-9	10	#Cello
43	block.note_block.harp		100%	0-1	2-3	4-5	6-7	8-9	10	#Contrabass
44	block.note_block.harp		100%	0-1	2-3	4-5	6-7	8-9	10	#Tremolo Strings
45	block.note_block.harp		100%	0-1	2-3	4-5	6-7	8-9	10	#Pizzicato Strings
46	block.note_block.harp		100%	0-1	2-3	4-5	6-7	8-9	10	#Orchestral Harp
47	block.lava.pop			 50%	0-1	2-3	4-5	6-7	8-9	10	#Timpani
48	block.note_block.harp		100%	0-1	2-3	4-5	6-7	8-9	10	#String Ensemble 1
49	block.note_block.harp		100%	0-1	2-3	4-5	6-7	8-9	10	#String Ensemble 2
50	block.note_block.harp		100%	0-1	2-3	4-5	6-7	8-9	10	#SynthStrings 1
51	block.note_block.harp		100%	0-1	2-3	4-5	6-7	8-9	10	#SynthStrings 2
52	entity.zombie.unfect		 20%	0-1	2-3	4-5	6-7	8-9	10	#Choir Aahs
53	entity.ghast.warn		  5%	0-1	2-3	4-5	6-7	8-9	10	#Voice Oohs
54	entity.ghast.warn		  5%	0-1	2-3	4-5	6-7	8-9	10	#Synth Voice
55	block.tripwire.detach		 50%	0-1	2-3	4-5	6-7	8-9	10	#Orchestra Hit
56	entity.ghast.warn		  5%	0-1	2-3	4-5	6-7	8-9	10	#Trumpet
57	entity.ghast.warn		  5%	0-1	2-3	4-5	6-7	8-9	10	#Trombone
58	entity.ghast.warn		  5%	0-1	2-3	4-5	6-7	8-9	10	#Tuba
59	entity.ghast.warn		  5%	0-1	2-3	4-5	6-7	8-9	10	#Muted Trumpet
60	block.note_block.harp		100%	0-1	2-3	4-5	6-7	8-9	10	#French Horn
61	block.note_block.harp		100%	0-1	2-3	4-5	6-7	8-9	10	#Brass Section
62	block.note_block.bass		100%	0-1	2-3	4-5	6-7	8-9	10	#SynthBrass 1
63	block.note_block.bass		100%	0-1	2-3	4-5	6-7	8-9	10	#SynthBrass 2
64	block.note_block.harp		100%	0-1	2-3	4-5	6-7	8-9	10	#Soprano Sax
65	block.note_block.harp		100%	0-1	2-3	4-5	6-7	8-9	10	#Alto Sax
66	entity.ghast.warn		  5%	0-1	2-3	4-5	6-7	8-9	10	#Tenor Sax
67	entity.ghast.warn		  5%	0-1	2-3	4-5	6-7	8-9	10	#Baritone Sax
68	block.note_block.harp		100%	0-1	2-3	4-5	6-7	8-9	10	#Oboe
69	block.note_block.harp		100%	0-1	2-3	4-5	6-7	8-9	10	#English Horn
70	block.note_block.harp		100%	0-1	2-3	4-5	6-7	8-9	10	#Bassoon
71	block.note_block.harp		100%	0-1	2-3	4-5	6-7	8-9	10	#Clarinet
72	entity.ghast.warn		  5%	0-1	2-3	4-5	6-7	8-9	10	#Piccolo
73	entity.ghast.warn		  5%	0-1	2-3	4-5	6-7	8-9	10	#Flute
74	entity.ghast.warn		  5%	0-1	2-3	4-5	6-7	8-9	10	#Recorder
75	entity.zombie.unfect		 20%	0-1	2-3	4-5	6-7	8-9	10	#Pan Flute
76	entity.zombie.unfect		 20%	0-1	2-3	4-5	6-7	8-9	10	#Blown Bottle
77	entity.zombie.unfect		 20%	0-1	2-3	4-5	6-7	8-9	10	#Shakuhachi
78	entity.ghast.warn		  5%	0-1	2-3	4-5	6-7	8-9	10	#Whistle
79	entity.ghast.warn		  5%	0-1	2-3	4-5	6-7	8-9	10	#Ocarina
80	block.note_block.harp		100%	0-1	2-3	4-5	6-7	8-9	10	#Lead 1 (square)
81	block.note_block.harp		100%	0-1	2-3	4-5	6-7	8-9	10	#Lead 2 (sawtooth)
82	block.note_block.harp		100%	0-1	2-3	4-5	6-7	8-9	10	#Lead 3 (calliope)
83	block.note_block.pling		 20%	0-1	2-3	4-5	6-7	8-9	10	#Lead 4 (chiff)
84	block.note_block.pling		 20%	0-1	2-3	4-5	6-7	8-9	10	#Lead 5 (charang)
85	entity.zombie.unfect		 20%	0-1	2-3	4-5	6-7	8-9	10	#Lead 6 (voice)
86	entity.zombie.unfect		 20%	0-1	2-3	4-5	6-7	8-9	10	#Lead 7 (fifths)
87	block.note_block.pling		 20%	0-1	2-3	4-5	6-7	8-9	10	#Lead 8 (bass + lead)
88	entity.experience_orb.touch	 20%	0-1	2-3	4-5	6-7	8-9	10	#Pad 1 (new age)
89	entity.zombie.unfect		 20%	0-1	2-3	4-5	6-7	8-9	10	#Pad 2 (warm)
90	block.note_block.pling		 20%	0-1	2-3	4-5	6-7	8-9	10	#Pad 3 (polysynth)
91	entity.ghast.warn		  5%	0-1	2-3	4-5	6-7	8-9	10	#Pad 4 (choir)
92	entity.experience_orb.touch	 20%	0-1	2-3	4-5	6-7	8-9	10	#Pad 5 (bowed)
93	block.note_block.pling		 20%	0-1	2-3	4-5	6-7	8-9	10	#Pad 6 (metallic)
94	entity.zombie.unfect		 20%	0-1	2-3	4-5	6-7	8-9	10	#Pad 7 (halo)
95	mob.horse.donkey.death		  5%	0-1	2-3	4-5	6-7	8-9	10	#Pad 8 (sweep)
96	block.note_block.harp		100%	0-1	2-3	4-5	6-7	8-9	10	#FX 1 (rain)
97	entity.ghast.warn		 5%	0-1	2-3	4-5	6-7	8-9	10	#FX 2 (soundtrack)
98	block.anvil.place 		 10%	0-1	2-3	4-5	6-7	8-9	10	#FX 3 (crystal)
99	block.note_block.bass		100%	0-1	2-3	4-5	6-7	8-9	10	#FX 4 (atmosphere)
100	entity.ghast.warn		  5%	0-1	2-3	4-5	6-7	8-9	10	#FX 5 (brightness)
101	block.note_block.harp		100%	0-1	2-3	4-5	6-7	8-9	10	#FX 6 (goblins)
102	entity.zombie.unfect		 20%	0-1	2-3	4-5	6-7	8-9	10	#FX 7 (echoes)
103	entity.ghast.warn		  5%	0-1	2-3	4-5	6-7	8-9	10	#FX 8 (sci-fi)
104	block.note_block.bass		100%	0-1	2-3	4-5	6-7	8-9	10	#Sitar
105	block.note_block.bass		100%	0-1	2-3	4-5	6-7	8-9	10	#Banjo
106	block.note_block.bass		100%	0-1	2-3	4-5	6-7	8-9	10	#Shamisen
107	block.note_block.bass		100%	0-1	2-3	4-5	6-7	8-9	10	#Koto
108	mob.chicken.plop		 25%	0-1	2-3	4-5	6-7	8-9	10	#Kalimba
109	entity.ghast.warn		  5%	0-1	2-3	4-5	6-7	8-9	10	#Bag pipe
110	block.note_block.pling		 20%	0-1	2-3	4-5	6-7	8-9	10	#Fiddle
111	block.note_block.pling		 20%	0-1	2-3	4-5	6-7	8-9	10	#Shanai
112	entity.experience_orb.touch	 20%	0-1	2-3	4-5	6-7	8-9	10	#Tinkle Bell
113	entity.item.pickup		 20%	0-1	2-3	4-5	6-7	8-9	10	#Agogo
114	block.note_block.pling		 20%	0-1	2-3	4-5	6-7	8-9	10	#Steel Drums
115	block.note_block.hat		 75%	0-1	2-3	4-5	6-7	8-9	10	#Woodblock
116	block.note_block.snare		100%	0-1	2-3	4-5	6-7	8-9	10	#Taiko Drum
117	entity.item.pickup		 20%	0-1	2-3	4-5	6-7	8-9	10	#Melodic Tom
118	block.note_block.snare		100%	0-1	2-3	4-5	6-7	8-9	10	#Synth Drum
119	weather.rain.above		 10%	0-1	2-3	4-5	6-7	8-9	10	#Reverse Cymbal
120	block.ender_chest.close		 20%	0-1	2-3	4-5	6-7	8-9	10	#Guitar Fret Noise
121	block.note_block.bass		100%	0-1	2-3	4-5	6-7	8-9	10	#Breath Noise
122	weather.rain.above		 10%	0-1	2-3	4-5	6-7	8-9	10	#Seashore
123	entity.zombie.unfect		 20%	0-1	2-3	4-5	6-7	8-9	10	#Bird Tweet
124	entity.zombie.unfect		 20%	0-1	2-3	4-5	6-7	8-9	10	#Telephone Ring
125	weather.rain.above		 10%	0-1	2-3	4-5	6-7	8-9	10	#Helicopter
126	weather.rain.above		 10%	0-1	2-3	4-5	6-7	8-9	10	#Applause
127	entity.lightning_bolt.impact"	 25%	0-1	2-3	4-5	6-7	8-9	10	#Gunshot
